
13. Printing statistics.

=== gemm_tile ===

        +----------Local Count, excluding submodules.
        |        +-Local Area, excluding submodules.
        |        | 
       16        - wires
     2328        - wire bits
       16        - public wires
     2328        - public wire bits
       11        - ports
     2192        - port bits
        3        - submodules
        1        -   $paramod$1ba5c352a34cb9afda7a545ce9139fcbcfef537d\operand_mem
        1        -   $paramod$4a6771624d3f8f2b930cf1818f23f638c0efd0aa\gemm_sequencer
        1        -   $paramod\tile\N=s32'00000000000000000000000000001000

   Area for cell type \sky130_sram_512b_1rw_64x64 is unknown!

   Chip area for module '\gemm_tile': 0.000000
     of which used for sequential elements: 0.000000 (nan%)

=== $paramod$1ba5c352a34cb9afda7a545ce9139fcbcfef537d\operand_mem ===

        +----------Local Count, excluding submodules.
        |        +-Local Area, excluding submodules.
        |        | 
       11        - wires
      283        - wire bits
       10        - public wires
      282        - public wire bits
        8        - ports
      270        - port bits
        9   71.318 cells
        1    3.754   sky130_fd_sc_hd__clkinv_1
        6   67.565   sky130_fd_sc_hd__mux2_1
        2        -   sky130_sram_512b_1rw_64x64

   Area for cell type \sky130_sram_512b_1rw_64x64 is unknown!

   Chip area for module '$paramod$1ba5c352a34cb9afda7a545ce9139fcbcfef537d\operand_mem': 71.318400
     of which used for sequential elements: 0.000000 (0.00%)

=== $paramod$4a6771624d3f8f2b930cf1818f23f638c0efd0aa\gemm_sequencer ===

        +----------Local Count, excluding submodules.
        |        +-Local Area, excluding submodules.
        |        | 
      121        - wires
      151        - wire bits
       15        - public wires
       45        - public wire bits
        9        - ports
       17        - port bits
      136  1.2E+03 cells
        1    8.758   sky130_fd_sc_hd__a211o_1
        3   22.522   sky130_fd_sc_hd__a211oi_1
        1    7.507   sky130_fd_sc_hd__a21o_1
        9   45.043   sky130_fd_sc_hd__a21oi_1
        1    8.758   sky130_fd_sc_hd__a311oi_1
        4   25.024   sky130_fd_sc_hd__a31oi_1
        1    8.758   sky130_fd_sc_hd__a32oi_1
        1    10.01   sky130_fd_sc_hd__a41o_1
        2   17.517   sky130_fd_sc_hd__a41oi_1
        3   18.768   sky130_fd_sc_hd__and2_0
        2   12.512   sky130_fd_sc_hd__and3_1
        2    7.507   sky130_fd_sc_hd__clkinv_1
       26  520.499   sky130_fd_sc_hd__dfxtp_1
        1    6.256   sky130_fd_sc_hd__lpflow_inputiso1p_1
        1   11.261   sky130_fd_sc_hd__mux2_1
        6   60.058   sky130_fd_sc_hd__mux2i_1
       10   37.536   sky130_fd_sc_hd__nand2_1
        3   18.768   sky130_fd_sc_hd__nand2b_1
        3   15.014   sky130_fd_sc_hd__nand3_1
        4   25.024   sky130_fd_sc_hd__nand4_1
       23   86.333   sky130_fd_sc_hd__nor2_1
        6   30.029   sky130_fd_sc_hd__nor3_1
        6   45.043   sky130_fd_sc_hd__nor3b_1
        1    6.256   sky130_fd_sc_hd__nor4_1
        2   20.019   sky130_fd_sc_hd__o211a_1
        4   20.019   sky130_fd_sc_hd__o21ai_0
        1    7.507   sky130_fd_sc_hd__o21bai_1
        1    8.758   sky130_fd_sc_hd__o31a_1
        1    6.256   sky130_fd_sc_hd__or3_1
        1    7.507   sky130_fd_sc_hd__or4_1
        1    8.758   sky130_fd_sc_hd__xnor2_1
        2   45.043   sky130_fd_sc_hd__xnor3_1
        3   26.275   sky130_fd_sc_hd__xor2_1

   Chip area for module '$paramod$4a6771624d3f8f2b930cf1818f23f638c0efd0aa\gemm_sequencer': 1204.905600
     of which used for sequential elements: 520.499200 (43.20%)

=== $paramod\tile\N=s32'00000000000000000000000000001000 ===

        +----------Local Count, excluding submodules.
        |        +-Local Area, excluding submodules.
        |        | 
        8        - wires
     2307        - wire bits
        8        - public wires
     2307        - public wire bits
        6        - ports
     2179        - port bits
        2        - submodules
        1        -   $paramod\skew_feeder\N=s32'00000000000000000000000000001000
        1        -   $paramod\systolic_array\N=s32'00000000000000000000000000001000

   Chip area for module '$paramod\tile\N=s32'00000000000000000000000000001000': 0.000000
     of which used for sequential elements: 0.000000 (nan%)

=== $paramod\skew_feeder\N=s32'00000000000000000000000000001000 ===

        +----------Local Count, excluding submodules.
        |        +-Local Area, excluding submodules.
        |        | 
      513        - wires
     1171        - wire bits
       65        - public wires
      723        - public wire bits
        7        - ports
      259        - port bits
      912 1.22E+04 cells
       16  100.096   sky130_fd_sc_hd__and2_0
      112  980.941   sky130_fd_sc_hd__and3b_1
      448 8.97E+03   sky130_fd_sc_hd__dfxtp_1
      336  2.1E+03   sky130_fd_sc_hd__lpflow_isobufsrc_1

   Chip area for module '$paramod\skew_feeder\N=s32'00000000000000000000000000001000': 12151.654400
     of which used for sequential elements: 8968.601600 (73.81%)

=== $paramod\systolic_array\N=s32'00000000000000000000000000001000 ===

        +----------Local Count, excluding submodules.
        |        +-Local Area, excluding submodules.
        |        | 
      150        - wires
     3331        - wire bits
      150        - public wires
     3331        - public wire bits
        6        - ports
     2179        - port bits
       64        - submodules
       64        -   pe

   Chip area for module '$paramod\systolic_array\N=s32'00000000000000000000000000001000': 0.000000
     of which used for sequential elements: 0.000000 (nan%)

=== pe ===

        +----------Local Count, excluding submodules.
        |        +-Local Area, excluding submodules.
        |        | 
      567        - wires
      641        - wire bits
       10        - public wires
       84        - public wire bits
        8        - ports
       67        - port bits
      622  4983.53 cells
        1    8.758   sky130_fd_sc_hd__a2111oi_0
       27  202.694   sky130_fd_sc_hd__a211oi_1
        2   15.014   sky130_fd_sc_hd__a21boi_0
        4   30.029   sky130_fd_sc_hd__a21o_1
       27   135.13   sky130_fd_sc_hd__a21oi_1
        1    8.758   sky130_fd_sc_hd__a22o_1
       11   82.579   sky130_fd_sc_hd__a22oi_1
        2   17.517   sky130_fd_sc_hd__a311oi_1
        2   17.517   sky130_fd_sc_hd__a31o_1
        7   43.792   sky130_fd_sc_hd__a31oi_1
        1    10.01   sky130_fd_sc_hd__a32o_1
        1    10.01   sky130_fd_sc_hd__a41o_1
       14   87.584   sky130_fd_sc_hd__and2_0
        5    31.28   sky130_fd_sc_hd__and3_1
        4   35.034   sky130_fd_sc_hd__and4_1
       11    41.29   sky130_fd_sc_hd__clkinv_1
       65  1.3E+03   sky130_fd_sc_hd__dfxtp_1
        3   18.768   sky130_fd_sc_hd__lpflow_inputiso1p_1
       32  200.192   sky130_fd_sc_hd__lpflow_isobufsrc_1
       33  330.317   sky130_fd_sc_hd__maj3_1
        1    10.01   sky130_fd_sc_hd__mux2i_1
       66  247.738   sky130_fd_sc_hd__nand2_1
       10    62.56   sky130_fd_sc_hd__nand2b_1
        4   20.019   sky130_fd_sc_hd__nand3_1
        1    7.507   sky130_fd_sc_hd__nand3b_1
        5    31.28   sky130_fd_sc_hd__nand4_1
       74  277.766   sky130_fd_sc_hd__nor2_1
        9   45.043   sky130_fd_sc_hd__nor3_1
        1    8.758   sky130_fd_sc_hd__o2111ai_1
        2   20.019   sky130_fd_sc_hd__o211a_1
        7    52.55   sky130_fd_sc_hd__o21a_1
       31  155.149   sky130_fd_sc_hd__o21ai_0
        4   30.029   sky130_fd_sc_hd__o21bai_1
        1    8.758   sky130_fd_sc_hd__o22a_1
        1    6.256   sky130_fd_sc_hd__o22ai_1
        1    8.758   sky130_fd_sc_hd__o311ai_0
        4   30.029   sky130_fd_sc_hd__o31ai_1
        1    8.758   sky130_fd_sc_hd__o41ai_1
        4   25.024   sky130_fd_sc_hd__or3_1
       85  744.464   sky130_fd_sc_hd__xnor2_1
        3   67.565   sky130_fd_sc_hd__xnor3_1
       53  464.195   sky130_fd_sc_hd__xor2_1
        1   23.773   sky130_fd_sc_hd__xor3_1

   Chip area for module '\pe': 4983.529600
     of which used for sequential elements: 1301.248000 (26.11%)

=== design hierarchy ===

        +----------Count including submodules.
        |        +-Area including submodules.
        |        | 
    40865 3.32E+05 gemm_tile
        9   71.318 $paramod$1ba5c352a34cb9afda7a545ce9139fcbcfef537d\operand_mem
      136  1.2E+03 $paramod$4a6771624d3f8f2b930cf1818f23f638c0efd0aa\gemm_sequencer
      912 1.22E+04   $paramod\skew_feeder\N=s32'00000000000000000000000000001000
      622  4983.53     pe

        +----------Count including submodules.
        |        +-Area including submodules.
        |        | 
    37107        - wires
    50595        - wire bits
      904        - public wires
    14392        - public wire bits
      559        - ports
    11384        - port bits
        -        - memories
        -        - memory bits
        -        - processes
    40865 3.32E+05 cells
       64  560.538   sky130_fd_sc_hd__a2111oi_0
        1    8.758   sky130_fd_sc_hd__a211o_1
     1731  1.3E+04   sky130_fd_sc_hd__a211oi_1
      128  960.922   sky130_fd_sc_hd__a21boi_0
      257  1929.35   sky130_fd_sc_hd__a21o_1
     1737 8.69E+03   sky130_fd_sc_hd__a21oi_1
       64  560.538   sky130_fd_sc_hd__a22o_1
      704 5.29E+03   sky130_fd_sc_hd__a22oi_1
      129 1.13E+03   sky130_fd_sc_hd__a311oi_1
      128 1.12E+03   sky130_fd_sc_hd__a31o_1
      452 2.83E+03   sky130_fd_sc_hd__a31oi_1
       64  640.614   sky130_fd_sc_hd__a32o_1
        1    8.758   sky130_fd_sc_hd__a32oi_1
       65  650.624   sky130_fd_sc_hd__a41o_1
        2   17.517   sky130_fd_sc_hd__a41oi_1
      915  5724.24   sky130_fd_sc_hd__and2_0
      322 2.01E+03   sky130_fd_sc_hd__and3_1
      112  980.941   sky130_fd_sc_hd__and3b_1
      256  2242.15   sky130_fd_sc_hd__and4_1
      707 2.65E+03   sky130_fd_sc_hd__clkinv_1
     4634 9.28E+04   sky130_fd_sc_hd__dfxtp_1
      193 1.21E+03   sky130_fd_sc_hd__lpflow_inputiso1p_1
     2384 1.49E+04   sky130_fd_sc_hd__lpflow_isobufsrc_1
     2112 2.11E+04   sky130_fd_sc_hd__maj3_1
        7   78.826   sky130_fd_sc_hd__mux2_1
       70  700.672   sky130_fd_sc_hd__mux2i_1
     4234 1.59E+04   sky130_fd_sc_hd__nand2_1
      643 4.02E+03   sky130_fd_sc_hd__nand2b_1
      259  1.3E+03   sky130_fd_sc_hd__nand3_1
       64  480.461   sky130_fd_sc_hd__nand3b_1
      324 2.03E+03   sky130_fd_sc_hd__nand4_1
     4759 1.79E+04   sky130_fd_sc_hd__nor2_1
      582 2.91E+03   sky130_fd_sc_hd__nor3_1
        6   45.043   sky130_fd_sc_hd__nor3b_1
        1    6.256   sky130_fd_sc_hd__nor4_1
       64  560.538   sky130_fd_sc_hd__o2111ai_1
      130  1.3E+03   sky130_fd_sc_hd__o211a_1
      448 3.36E+03   sky130_fd_sc_hd__o21a_1
     1988 9.95E+03   sky130_fd_sc_hd__o21ai_0
      257  1929.35   sky130_fd_sc_hd__o21bai_1
       64  560.538   sky130_fd_sc_hd__o22a_1
       64  400.384   sky130_fd_sc_hd__o22ai_1
       64  560.538   sky130_fd_sc_hd__o311ai_0
        1    8.758   sky130_fd_sc_hd__o31a_1
      256 1.92E+03   sky130_fd_sc_hd__o31ai_1
       64  560.538   sky130_fd_sc_hd__o41ai_1
      257 1.61E+03   sky130_fd_sc_hd__or3_1
        1    7.507   sky130_fd_sc_hd__or4_1
     5441 4.77E+04   sky130_fd_sc_hd__xnor2_1
      194  4369.19   sky130_fd_sc_hd__xnor3_1
     3395 2.97E+04   sky130_fd_sc_hd__xor2_1
       64 1.52E+03   sky130_fd_sc_hd__xor3_1
        2        -   sky130_sram_512b_1rw_64x64
        3 3.32E+05 submodules
        1   71.318   $paramod$1ba5c352a34cb9afda7a545ce9139fcbcfef537d\operand_mem
        1  1.2E+03   $paramod$4a6771624d3f8f2b930cf1818f23f638c0efd0aa\gemm_sequencer
        1 3.31E+05   $paramod\tile\N=s32'00000000000000000000000000001000

   Area for cell type \sky130_sram_512b_1rw_64x64 is unknown!

   Chip area for top module '\gemm_tile': 332373.772800
     of which used for sequential elements: 92768.972800 (27.91%)

