
6. Printing statistics.

=== pe ===

        +----------Local Count, excluding submodules.
        |        +-Local Area, excluding submodules.
        |        | 
      751        - wires
      810        - wire bits
        8        - public wires
       67        - public wire bits
        8        - ports
       67        - port bits
      791 6.21E+03 cells
       31  232.723   sky130_fd_sc_hd__a211oi_1
        1    7.507   sky130_fd_sc_hd__a21boi_0
        1    7.507   sky130_fd_sc_hd__a21o_1
       51  255.245   sky130_fd_sc_hd__a21oi_1
        2   15.014   sky130_fd_sc_hd__a22oi_1
        5    31.28   sky130_fd_sc_hd__a31oi_1
        1    10.01   sky130_fd_sc_hd__a32o_1
        1    8.758   sky130_fd_sc_hd__a32oi_1
        9   56.304   sky130_fd_sc_hd__and2_0
        2   12.512   sky130_fd_sc_hd__and3_1
        1    8.758   sky130_fd_sc_hd__and4_1
       16   60.058   sky130_fd_sc_hd__clkinv_1
       48  960.922   sky130_fd_sc_hd__dfxtp_1
        4   25.024   sky130_fd_sc_hd__lpflow_inputiso1p_1
       28  175.168   sky130_fd_sc_hd__lpflow_isobufsrc_1
       58  580.557   sky130_fd_sc_hd__maj3_1
        1    10.01   sky130_fd_sc_hd__mux2i_1
       84  315.302   sky130_fd_sc_hd__nand2_1
       22  137.632   sky130_fd_sc_hd__nand2b_1
        9   45.043   sky130_fd_sc_hd__nand3_1
        1    7.507   sky130_fd_sc_hd__nand3b_1
        1    6.256   sky130_fd_sc_hd__nand4_1
       86   322.81   sky130_fd_sc_hd__nor2_1
        1    6.256   sky130_fd_sc_hd__nor2b_1
        8   40.038   sky130_fd_sc_hd__nor3_1
        1    7.507   sky130_fd_sc_hd__nor3b_1
        1    7.507   sky130_fd_sc_hd__o211ai_1
        7    52.55   sky130_fd_sc_hd__o21a_1
       23   115.11   sky130_fd_sc_hd__o21ai_0
        1    7.507   sky130_fd_sc_hd__o21bai_1
        4   25.024   sky130_fd_sc_hd__o22ai_1
        1    8.758   sky130_fd_sc_hd__o31a_1
        1    8.758   sky130_fd_sc_hd__o32ai_1
        3   18.768   sky130_fd_sc_hd__or3_1
      192 1.68E+03   sky130_fd_sc_hd__xnor2_1
       13  292.781   sky130_fd_sc_hd__xnor3_1
       71  621.846   sky130_fd_sc_hd__xor2_1
        1   23.773   sky130_fd_sc_hd__xor3_1

   Chip area for module '\pe': 6209.705600
     of which used for sequential elements: 960.921600 (15.47%)

