
7. Printing statistics.

=== router ===

        +----------Local Count, excluding submodules.
        |        +-Local Area, excluding submodules.
        |        | 
     2207        - wires
     4462        - wire bits
       39        - public wires
     2294        - public wire bits
       10        - ports
     1426        - port bits
     2893 1.98E+04 cells
        3   33.782   sky130_fd_sc_hd__a2111o_1
        5   43.792   sky130_fd_sc_hd__a2111oi_0
        5   43.792   sky130_fd_sc_hd__a211o_1
       14  105.101   sky130_fd_sc_hd__a211oi_1
        9   67.565   sky130_fd_sc_hd__a21o_1
       57  285.274   sky130_fd_sc_hd__a21oi_1
        7   70.067   sky130_fd_sc_hd__a221o_1
       10   87.584   sky130_fd_sc_hd__a221oi_1
      701  7016.73   sky130_fd_sc_hd__a222oi_1
        4   35.034   sky130_fd_sc_hd__a22o_1
      712 5.35E+03   sky130_fd_sc_hd__a22oi_1
        1    8.758   sky130_fd_sc_hd__a2bb2oi_1
        1    10.01   sky130_fd_sc_hd__a311o_1
        3   26.275   sky130_fd_sc_hd__a31o_1
       10    62.56   sky130_fd_sc_hd__a31oi_1
        1    10.01   sky130_fd_sc_hd__a32o_1
        4   35.034   sky130_fd_sc_hd__a32oi_1
       17  106.352   sky130_fd_sc_hd__and2_0
        8   50.048   sky130_fd_sc_hd__and3_1
        1    8.758   sky130_fd_sc_hd__and3b_1
        3   26.275   sky130_fd_sc_hd__and4_1
       20   75.072   sky130_fd_sc_hd__clkinv_1
       15  300.288   sky130_fd_sc_hd__dfxtp_1
        9   56.304   sky130_fd_sc_hd__lpflow_inputiso1p_1
       37  231.472   sky130_fd_sc_hd__lpflow_isobufsrc_1
        1    10.01   sky130_fd_sc_hd__maj3_1
        2   22.522   sky130_fd_sc_hd__mux2_1
        4   40.038   sky130_fd_sc_hd__mux2i_1
        3   67.565   sky130_fd_sc_hd__mux4_2
      774 2.91E+03   sky130_fd_sc_hd__nand2_1
       33  206.448   sky130_fd_sc_hd__nand2b_1
       22  110.106   sky130_fd_sc_hd__nand3_1
        1    7.507   sky130_fd_sc_hd__nand3b_1
       10    62.56   sky130_fd_sc_hd__nand4_1
        1    8.758   sky130_fd_sc_hd__nand4b_1
      102  382.867   sky130_fd_sc_hd__nor2_1
        5    31.28   sky130_fd_sc_hd__nor2b_1
       44  220.211   sky130_fd_sc_hd__nor3_1
        3   22.522   sky130_fd_sc_hd__nor3b_1
       11   68.816   sky130_fd_sc_hd__nor4_1
        5   43.792   sky130_fd_sc_hd__nor4b_1
        5   43.792   sky130_fd_sc_hd__o2111ai_1
        5   50.048   sky130_fd_sc_hd__o211a_1
       11   82.579   sky130_fd_sc_hd__o211ai_1
        9   67.565   sky130_fd_sc_hd__o21a_1
       49  245.235   sky130_fd_sc_hd__o21ai_0
        3   22.522   sky130_fd_sc_hd__o21bai_1
       17  148.893   sky130_fd_sc_hd__o221ai_1
        1    8.758   sky130_fd_sc_hd__o22a_1
       61  381.616   sky130_fd_sc_hd__o22ai_1
        5   43.792   sky130_fd_sc_hd__o2bb2ai_1
        2   15.014   sky130_fd_sc_hd__o31ai_1
       10   87.584   sky130_fd_sc_hd__o32ai_1
        1   11.261   sky130_fd_sc_hd__o41a_1
       10    62.56   sky130_fd_sc_hd__or3_1
        4   35.034   sky130_fd_sc_hd__or3b_1
        6   45.043   sky130_fd_sc_hd__or4_1
        3   30.029   sky130_fd_sc_hd__or4b_1
        5   43.792   sky130_fd_sc_hd__xnor2_1
        8   70.067   sky130_fd_sc_hd__xor2_1

   Chip area for module '\router': 19846.534400
     of which used for sequential elements: 300.288000 (1.51%)

